 ## time [fs] type_of_hop state_before state_after energy_before [a.u.] energy_after [a.u]
      0.1000000000  0   5   2     -37.0768169171     -37.0768169166
      3.9000000000  0   2   1     -37.0872627793     -37.0872627845
