 ## time [fs] type_of_hop state_before state_after energy_before [a.u.] energy_after [a.u]
      7.9000000000  0   6   5     -37.0589197919     -37.0589197995
     12.8000000000  0   5   4     -37.0591925507     -37.0591925603
     13.6000000000  0   4   3     -37.0589897826     -37.0589897746
