   7.8999999999999879                5           0
   12.799999999999971                4           0
   13.599999999999968                3           0
