   17.599999999999980                4           2
