           1 -0.64406806360747593       0.58070240421156605        2.7829349166755222     
           2  0.26559215365159222      -0.19543816247661086      -0.89069235706585526     
           3   6.3881393690927955E-003   1.4261935197060616E-002   1.1791714672228792E-002
           4   2.7389636590015969E-002  0.11490334630535444        8.5309246260615815E-003
           5  -5.4659340023726209E-002 -0.15188845966980846        9.7962114898708756E-003
           6  0.35927881635116976      -0.17697034766333675      -0.97591018415070441     
           7   4.0078657669331288E-002 -0.18557071590422505      -0.94645122624712419     
