 ## time [fs] type_of_hop state_before state_after energy_before [a.u.] energy_after [a.u]
      0.1000000000  0   3   1     -37.1059457762     -37.1059457580
