 ## time [fs] type_of_hop state_before state_after energy_before [a.u.] energy_after [a.u]
      0.2000000000  0   3   4     -31.0060863117     -31.0060863124
      5.3000000000  0   4   3     -31.0057124710     -31.0057124705
