 ## time [fs] type_of_hop state_before state_after energy_before [a.u.] energy_after [a.u]
     35.6000000000  0   3   4     -31.0137743567     -31.0137743547
