   17.599999999999980                4           2
   35.600000000000236                4           0
