 ## time [fs] type_of_hop state_before state_after energy_before [a.u.] energy_after [a.u]
      1.1000000000  0   4   3     -31.0066650707     -31.0066650633
     43.1000000000  1   3   4     -31.0176220259     -31.0176220393
     43.1000000000  0   3   4     -31.0176220259     -31.0176220393
     43.4000000000  0   4   3     -31.0182743055     -31.0182742980
