  0.20000000000000001                4           0
   3.8000000000000020                5           2
   5.2999999999999972                3           0
   6.9999999999999911                4           2
