  0.20000000000000001                4           0
   3.8000000000000020                5           2
   4.6999999999999993                3           0
   7.9999999999999876                5           2
   43.900000000000354                4           2
