 ## time [fs] type_of_hop state_before state_after energy_before [a.u.] energy_after [a.u]
      0.2000000000  0   3   4     -31.0059152464     -31.0059152470
      4.7000000000  0   4   3     -31.0058846080     -31.0058846073
