  0.10000000000000001                2           0
   3.9000000000000021                1           0
   6.0999999999999943                2           1
   7.8999999999999879                2           1
