   22.300000000000047                4           2
   24.100000000000072                4           0
   28.900000000000141                3           0
