 ## time [fs] type_of_hop state_before state_after energy_before [a.u.] energy_after [a.u]
     24.1000000000  0   3   4     -31.0321367272     -31.0321367338
     28.9000000000  0   4   3     -31.0332761584     -31.0332761632
