  0.20000000000000001                4           0
   3.8000000000000020                5           1
   28.500000000000135                3           0
   37.900000000000269                4           1
   40.200000000000301                4           1
