 ## time [fs] type_of_hop state_before state_after energy_before [a.u.] energy_after [a.u]
      0.1000000000  0   5   2     -37.0760615547     -37.0760615541
      3.9000000000  0   2   1     -37.0864380549     -37.0864380603
