 ## time [fs] type_of_hop state_before state_after energy_before [a.u.] energy_after [a.u]
      1.1000000000  0   4   3     -31.0066650707     -31.0066650633
     43.1000000000  0   3   4     -31.0176220250     -31.0176220379
     43.4000000000  0   4   3     -31.0182742888     -31.0182742811
