  0.10000000000000001                5           2
   1.0999999999999999                3           0
   33.200000000000202                4           2
   43.100000000000342                4           0
   43.400000000000347                3           0
