   7.8999999999999879                5           0
   12.799999999999971                4           0
   14.399999999999965                3           0
   14.999999999999963                4           2
