 ## time [fs] type_of_hop state_before state_after energy_before [a.u.] energy_after [a.u]
      7.9000000000  0   6   5     -37.0592254388     -37.0592254443
     12.8000000000  0   5   4     -37.0605038260     -37.0605038350
     14.4000000000  0   4   3     -37.0626216839     -37.0626216943
