 ## time [fs] type_of_hop state_before state_after energy_before [a.u.] energy_after [a.u]
      0.1000000000  0   5   2     -37.0762061519     -37.0762061515
      3.0000000000  0   2   1     -37.0816809906     -37.0816809966
