  0.10000000000000001                1           0
