 ## time [fs] type_of_hop state_before state_after energy_before [a.u.] energy_after [a.u]
      0.1000000000  0   4   1     -31.0169537534     -31.0169537517
