 ## time [fs] type_of_hop state_before state_after energy_before [a.u.] energy_after [a.u]
      7.9000000000  0   6   5     -37.0592254383     -37.0592254438
     12.8000000000  0   5   4     -37.0605038251     -37.0605038342
     14.4000000000  0   4   3     -37.0626216831     -37.0626216934
