67.1000 67.0006   1   7   8      -0.0956596480      -0.8212401990      -0.0000903702
67.1000 67.0013   1   7   8       0.0063170696      -0.8212401990      -0.0000894212
67.1000 67.0019   1   7   8      -0.0197076592      -0.8212401990      -0.0000887629
67.1000 67.0025   1   7   8      -0.0214320926      -0.8212401990      -0.0000883073
67.1000 67.0031   1   7   8      -0.0220302904      -0.8212401990      -0.0000880654
67.1000 67.0038   1   7   8      -0.0222953126      -0.8212401990      -0.0000880121
67.1000 67.0044   1   7   8      -0.0223648410      -0.8212401990      -0.0000881344
67.1000 67.0050   1   7   8      -0.0222998965      -0.8212401990      -0.0000884279
67.1000 67.0056   1   7   8      -0.0221330210      -0.8212401990      -0.0000888897
67.1000 67.0063   1   7   8      -0.0218793243      -0.8212401990      -0.0000895177
67.1000 67.0069   1   7   8      -0.0215492490      -0.8212401990      -0.0000903074
67.1000 67.0075   1   7   8      -0.0211493218      -0.8212401990      -0.0000912556
67.1000 67.0081   1   7   8      -0.0206913015      -0.8212401990      -0.0000923573
67.1000 67.0088   1   7   8      -0.0201833821      -0.8212401990      -0.0000936073
67.1000 67.0094   1   7   8      -0.0196372514      -0.8212401990      -0.0000949993
67.1000 67.0100   1   7   8      -0.0190561170      -0.8212401990      -0.0000965279
67.1000 67.0106   1   7   8      -0.0184517125      -0.8212401990      -0.0000981864
67.1000 67.0113   1   7   8      -0.0178317996      -0.8212401990      -0.0000999685
67.1000 67.0119   1   7   8      -0.0172033559      -0.8212401990      -0.0001018675
67.1000 67.0125   1   7   8      -0.0165748144      -0.8212401990      -0.0001038778
67.1000 67.0131   1   7   8      -0.0159462097      -0.8212401990      -0.0001059918
67.1000 67.0138   1   7   8      -0.0153266877      -0.8212401990      -0.0001082034
67.1000 67.0144   1   7   8      -0.0147185358      -0.8212401990      -0.0001105077
67.1000 67.0150   1   7   8      -0.0141266146      -0.8212401990      -0.0001128988
67.1000 67.0156   1   7   8      -0.0135493142      -0.8212401990      -0.0001153710
67.1000 67.0163   1   7   8      -0.0129916638      -0.8212401990      -0.0001179194
67.1000 67.0169   1   7   8      -0.0124544959      -0.8212401990      -0.0001205391
67.1000 67.0175   1   7   8      -0.0119388761      -0.8212401990      -0.0001232256
67.1000 67.0181   1   7   8      -0.0114437683      -0.8212401990      -0.0001259744
67.1000 67.0188   1   7   8      -0.0109690538      -0.8212401990      -0.0001287821
67.1000 67.0194   1   7   8      -0.0105167248      -0.8212401990      -0.0001316443
67.1000 67.0200   1   7   8      -0.0100850430      -0.8212401990      -0.0001345577
67.1000 67.0206   1   7   8      -0.0096758131      -0.8212401990      -0.0001375192
67.1000 67.0213   1   7   8      -0.0092838783      -0.8212401990      -0.0001405256
67.1000 67.0219   1   7   8      -0.0089119942      -0.8212401990      -0.0001435742
67.1000 67.0225   1   7   8      -0.0085587075      -0.8212401990      -0.0001466622
67.1000 67.0231   1   7   8      -0.0082254027      -0.8212401990      -0.0001497869
67.1000 67.0238   1   7   8      -0.0079057927      -0.8212401990      -0.0001529468
67.1000 67.0244   1   7   8      -0.0076035061      -0.8212401990      -0.0001561393
67.1000 67.0250   1   7   8      -0.0073169076      -0.8212401990      -0.0001593634
67.1000 67.0256   1   7   8      -0.0070455492      -0.8212401990      -0.0001626157
67.1000 67.0263   1   7   8      -0.0067869437      -0.8212401990      -0.0001658952
67.1000 67.0269   1   7   8      -0.0065416945      -0.8212401990      -0.0001692003
67.1000 67.0275   1   7   8      -0.0063088346      -0.8212401990      -0.0001725295
67.1000 67.0281   1   7   8      -0.0060892896      -0.8212401990      -0.0001758811
67.1000 67.0288   1   7   8      -0.0058785540      -0.8212401990      -0.0001792545
67.1000 67.0294   1   7   8      -0.0056790586      -0.8212401990      -0.0001826483
67.1000 67.0300   1   7   8      -0.0054897900      -0.8212401990      -0.0001860610
67.1000 67.0306   1   7   8      -0.0053100206      -0.8212401990      -0.0001894928
67.1000 67.0313   1   7   8      -0.0051385930      -0.8212401990      -0.0001929413
67.1000 67.0319   1   7   8      -0.0049753694      -0.8212401990      -0.0001964060
67.1000 67.0325   1   7   8      -0.0048202091      -0.8212401990      -0.0001998861
67.1000 67.0331   1   7   8      -0.0046730063      -0.8212401990      -0.0002033801
67.1000 67.0338   1   7   8      -0.0045320437      -0.8212401990      -0.0002068887
67.1000 67.0344   1   7   8      -0.0043979357      -0.8212401990      -0.0002104105
67.1000 67.0350   1   7   8      -0.0042697687      -0.8212401990      -0.0002139448
67.1000 67.0356   1   7   8      -0.0041481875      -0.8212401990      -0.0002174918
67.1000 67.0363   1   7   8      -0.0040321180      -0.8212401990      -0.0002210495
67.1000 67.0369   1   7   8      -0.0039204873      -0.8212401990      -0.0002246181
67.1000 67.0375   1   7   8      -0.0038142017      -0.8212401990      -0.0002281969
67.1000 67.0381   1   7   8      -0.0037133487      -0.8212401990      -0.0002317851
67.1000 67.0388   1   7   8      -0.0036160278      -0.8212401990      -0.0002353833
67.1000 67.0394   1   7   8      -0.0035230974      -0.8212401990      -0.0002389903
67.1000 67.0400   1   7   8      -0.0034343342      -0.8212401990      -0.0002426064
67.1000 67.0406   1   7   8      -0.0033493434      -0.8212401990      -0.0002462303
67.1000 67.0413   1   7   8      -0.0032678375      -0.8212401990      -0.0002498620
67.1000 67.0419   1   7   8      -0.0031907874      -0.8212401990      -0.0002535011
67.1000 67.0425   1   7   8      -0.0031154015      -0.8212401990      -0.0002571475
67.1000 67.0431   1   7   8      -0.0030436048      -0.8212401990      -0.0002608001
67.1000 67.0438   1   7   8      -0.0029750717      -0.8212401990      -0.0002644598
67.1000 67.0444   1   7   8      -0.0029090441      -0.8212401990      -0.0002681266
67.1000 67.0450   1   7   8      -0.0028459408      -0.8212401990      -0.0002717989
67.1000 67.0456   1   7   8      -0.0027849170      -0.8212401990      -0.0002754770
67.1000 67.0463   1   7   8      -0.0027263915      -0.8212401990      -0.0002791607
67.1000 67.0469   1   7   8      -0.0026704147      -0.8212401990      -0.0002828496
67.1000 67.0475   1   7   8      -0.0026166516      -0.8212401990      -0.0002865440
67.1000 67.0481   1   7   8      -0.0025646370      -0.8212401990      -0.0002902432
67.1000 67.0488   1   7   8      -0.0025144621      -0.8212401990      -0.0002939472
67.1000 67.0494   1   7   8      -0.0024666205      -0.8212401990      -0.0002976558
67.1000 67.0500   1   7   8      -0.0024202059      -0.8212401990      -0.0003013688
67.1000 67.0506   1   7   8      -0.0023756458      -0.8212401990      -0.0003050861
67.1000 67.0513   1   7   8      -0.0023327732      -0.8212401990      -0.0003088077
67.1000 67.0519   1   7   8      -0.0022912585      -0.8212401990      -0.0003125332
67.1000 67.0525   1   7   8      -0.0022513779      -0.8212401990      -0.0003162624
67.1000 67.0531   1   7   8      -0.0022130708      -0.8212401990      -0.0003199952
67.1000 67.0538   1   7   8      -0.0021766450      -0.8212401990      -0.0003237319
67.1000 67.0544   1   7   8      -0.0021402127      -0.8212401990      -0.0003274719
67.1000 67.0550   1   7   8      -0.0021056065      -0.8212401990      -0.0003312152
67.1000 67.0556   1   7   8      -0.0020721833      -0.8212401990      -0.0003349616
67.1000 67.0563   1   7   8      -0.0020406182      -0.8212401990      -0.0003387114
67.1000 67.0569   1   7   8      -0.0020091070      -0.8212401990      -0.0003424641
67.1000 67.0575   1   7   8      -0.0019791056      -0.8212401990      -0.0003462196
67.1000 67.0581   1   7   8      -0.0019501802      -0.8212401990      -0.0003499786
67.1000 67.0588   1   7   8      -0.0019221461      -0.8212401990      -0.0003537399
67.1000 67.0594   1   7   8      -0.0018951842      -0.8212401990      -0.0003575032
67.1000 67.0600   1   7   8      -0.0018688128      -0.8212401990      -0.0003612695
67.1000 67.0606   1   7   8      -0.0018434528      -0.8212401990      -0.0003650383
67.1000 67.0613   1   7   8      -0.0018188453      -0.8212401990      -0.0003688095
67.1000 67.0619   1   7   8      -0.0017958533      -0.8212401990      -0.0003725837
67.1000 67.0625   1   7   8      -0.0017724073      -0.8212401990      -0.0003763597
67.1000 67.0631   1   7   8      -0.0017501466      -0.8212401990      -0.0003801378
67.1000 67.0638   1   7   8      -0.0017286191      -0.8212401990      -0.0003839180
67.1000 67.0644   1   7   8      -0.0017082250      -0.8212401990      -0.0003876998
67.1000 67.0650   1   7   8      -0.0016878094      -0.8212401990      -0.0003914841
67.1000 67.0656   1   7   8      -0.0016682103      -0.8212401990      -0.0003952702
67.1000 67.0663   1   7   8      -0.0016494359      -0.8212401990      -0.0003990590
67.1000 67.0669   1   7   8      -0.0016311995      -0.8212401990      -0.0004028491
67.1000 67.0675   1   7   8      -0.0016133493      -0.8212401990      -0.0004066409
67.1000 67.0681   1   7   8      -0.0015964783      -0.8212401990      -0.0004104344
67.1000 67.0688   1   7   8      -0.0015795926      -0.8212401990      -0.0004142297
67.1000 67.0694   1   7   8      -0.0015634237      -0.8212401990      -0.0004180261
67.1000 67.0700   1   7   8      -0.0015478512      -0.8212401990      -0.0004218246
67.1000 67.0706   1   7   8      -0.0015328090      -0.8212401990      -0.0004256252
67.1000 67.0713   1   7   8      -0.0015180024      -0.8212401990      -0.0004294268
67.1000 67.0719   1   7   8      -0.0015038001      -0.8212401990      -0.0004332300
67.1000 67.0725   1   7   8      -0.0014899096      -0.8212401990      -0.0004370345
67.1000 67.0731   1   7   8      -0.0014766454      -0.8212401990      -0.0004408405
67.1000 67.0738   1   7   8      -0.0014636559      -0.8212401990      -0.0004446474
67.1000 67.0744   1   7   8      -0.0014509313      -0.8212401990      -0.0004484559
67.1000 67.0750   1   7   8      -0.0014387703      -0.8212401990      -0.0004522664
67.1000 67.0756   1   7   8      -0.0014268711      -0.8212401990      -0.0004560777
67.1000 67.0763   1   7   8      -0.0014154195      -0.8212401990      -0.0004598902
67.1000 67.0769   1   7   8      -0.0014043400      -0.8212401990      -0.0004637039
67.1000 67.0775   1   7   8      -0.0013935065      -0.8212401990      -0.0004675187
67.1000 67.0781   1   7   8      -0.0013828823      -0.8212401990      -0.0004713346
67.1000 67.0788   1   7   8      -0.0013730085      -0.8212401990      -0.0004751514
67.1000 67.0794   1   7   8      -0.0013630566      -0.8212401990      -0.0004789696
67.1000 67.0800   1   7   8      -0.0013533311      -0.8212401990      -0.0004827895
67.1000 67.0806   1   7   8      -0.0013440393      -0.8212401990      -0.0004866098
67.1000 67.0813   1   7   8      -0.0013349754      -0.8212401990      -0.0004904312
67.1000 67.0819   1   7   8      -0.0013267108      -0.8212401990      -0.0004942537
67.1000 67.0825   1   7   8      -0.0013179340      -0.8212401990      -0.0004980770
67.1000 67.0831   1   7   8      -0.0013096571      -0.8212401990      -0.0005019013
67.1000 67.0838   1   7   8      -0.0013016066      -0.8212401990      -0.0005057259
67.1000 67.0844   1   7   8      -0.0012939539      -0.8212401990      -0.0005095526
67.1000 67.0850   1   7   8      -0.0012865932      -0.8212401990      -0.0005133797
67.1000 67.0856   1   7   8      -0.0012792336      -0.8212401990      -0.0005172076
67.1000 67.0863   1   7   8      -0.0012721408      -0.8212401990      -0.0005210364
67.1000 67.0869   1   7   8      -0.0012653054      -0.8212401990      -0.0005248659
67.1000 67.0875   1   7   8      -0.0012588857      -0.8212401990      -0.0005286964
67.1000 67.0881   1   7   8      -0.0012522590      -0.8212401990      -0.0005325275
67.1000 67.0888   1   7   8      -0.0012465432      -0.8212401990      -0.0005363596
67.1000 67.0894   1   7   8      -0.0012401633      -0.8212401990      -0.0005401924
67.1000 67.0900   1   7   8      -0.0012342871      -0.8212401990      -0.0005440258
67.1000 67.0906   1   7   8      -0.0012287393      -0.8212401990      -0.0005478601
67.1000 67.0913   1   7   8      -0.0012233561      -0.8212401990      -0.0005516952
67.1000 67.0919   1   7   8      -0.0012179853      -0.8212401990      -0.0005555308
67.1000 67.0925   1   7   8      -0.0012128062      -0.8212401990      -0.0005593671
67.1000 67.0931   1   7   8      -0.0012078277      -0.8212401990      -0.0005632041
67.1000 67.0938   1   7   8      -0.0012033786      -0.8212401990      -0.0005670418
67.1000 67.0944   1   7   8      -0.0011985610      -0.8212401990      -0.0005708802
67.1000 67.0950   1   7   8      -0.0011940493      -0.8212401990      -0.0005747192
67.1000 67.0956   1   7   8      -0.0011896849      -0.8212401990      -0.0005785587
67.1000 67.0963   1   7   8      -0.0011854839      -0.8212401990      -0.0005823989
67.1000 67.0969   1   7   8      -0.0011818957      -0.8212401990      -0.0005862400
67.1000 67.0975   1   7   8      -0.0011777030      -0.8212401990      -0.0005900814
67.1000 67.0981   1   7   8      -0.0011739247      -0.8212401990      -0.0005939233
67.1000 67.0988   1   7   8      -0.0011704532      -0.8212401990      -0.0005977652
67.1000 67.0994   1   7   8      -0.0011669199      -0.8212401990      -0.0006016091
67.1000 67.1000   1   7   8      -0.0011044274      -0.8212401990      -0.0005976976
67.1000 67.0000   1   7   8      -0.0742721246      -0.8212401990    1000.0000000000
67.1000 67.0000   1   7   8      -0.0845200635      -0.8212401990    1000.0000000000
67.1000 67.0000   1   7   8      -0.1238788079      -0.8212401990    1000.0000000000
******* *******   1   5   6      -0.0836995788      -0.8165413746      -0.0001849139
******* *******   1   5   6       0.0082251941      -0.8165413746      -0.0001813441
******* *******   1   5   6       0.0032529787      -0.8165413746      -0.0001791733
******* *******   1   5   6       0.0006712036      -0.8165413746      -0.0001775407
******* *******   1   5   6      -0.0007348800      -0.8165413746      -0.0001761422
******* *******   1   5   6      -0.0014242083      -0.8165413746      -0.0001748606
******* *******   1   5   6      -0.0017585052      -0.8165413746      -0.0001736427
******* *******   1   5   6      -0.0019283019      -0.8165413746      -0.0001724612
******* *******   1   5   6      -0.0020210797      -0.8165413746      -0.0001713013
******* *******   1   5   6      -0.0020800183      -0.8165413746      -0.0001701549
******* *******   1   5   6      -0.0021232290      -0.8165413746      -0.0001690173
******* *******   1   5   6      -0.0021594747      -0.8165413746      -0.0001678860
******* *******   1   5   6      -0.0021924814      -0.8165413746      -0.0001667596
******* *******   1   5   6      -0.0022246930      -0.8165413746      -0.0001656367
******* *******   1   5   6      -0.0022559613      -0.8165413746      -0.0001645180
******* *******   1   5   6      -0.0022876070      -0.8165413746      -0.0001634029
******* *******   1   5   6      -0.0023198943      -0.8165413746      -0.0001622918
******* *******   1   5   6      -0.0023522461      -0.8165413746      -0.0001611838
******* *******   1   5   6      -0.0023852937      -0.8165413746      -0.0001600794
******* *******   1   5   6      -0.0024189088      -0.8165413746      -0.0001589785
******* *******   1   5   6      -0.0024535606      -0.8165413746      -0.0001578804
******* *******   1   5   6      -0.0024879980      -0.8165413746      -0.0001567868
******* *******   1   5   6      -0.0025233678      -0.8165413746      -0.0001556969
******* *******   1   5   6      -0.0025594063      -0.8165413746      -0.0001546109
******* *******   1   5   6      -0.0025962341      -0.8165413746      -0.0001535294
******* *******   1   5   6      -0.0026334012      -0.8165413746      -0.0001524516
******* *******   1   5   6      -0.0026713524      -0.8165413746      -0.0001513780
******* *******   1   5   6      -0.0027103232      -0.8165413746      -0.0001503078
******* *******   1   5   6      -0.0027493565      -0.8165413746      -0.0001492425
******* *******   1   5   6      -0.0027893723      -0.8165413746      -0.0001481818
******* *******   1   5   6      -0.0028300315      -0.8165413746      -0.0001471255
******* *******   1   5   6      -0.0028715468      -0.8165413746      -0.0001460740
******* *******   1   5   6      -0.0029138843      -0.8165413746      -0.0001450277
******* *******   1   5   6      -0.0029564444      -0.8165413746      -0.0001439859
******* *******   1   5   6      -0.0030002531      -0.8165413746      -0.0001429482
******* *******   1   5   6      -0.0030444160      -0.8165413746      -0.0001419163
******* *******   1   5   6      -0.0030895050      -0.8165413746      -0.0001408896
******* *******   1   5   6      -0.0031353279      -0.8165413746      -0.0001398683
******* *******   1   5   6      -0.0031820120      -0.8165413746      -0.0001388524
******* *******   1   5   6      -0.0032293681      -0.8165413746      -0.0001378421
******* *******   1   5   6      -0.0032778507      -0.8165413746      -0.0001368380
******* *******   1   5   6      -0.0033269253      -0.8165413746      -0.0001358387
******* *******   1   5   6      -0.0033763954      -0.8165413746      -0.0001348459
******* *******   1   5   6      -0.0034269594      -0.8165413746      -0.0001338592
******* *******   1   5   6      -0.0034783492      -0.8165413746      -0.0001328788
******* *******   1   5   6      -0.0035305468      -0.8165413746      -0.0001319048
******* *******   1   5   6      -0.0035835509      -0.8165413746      -0.0001309374
******* *******   1   5   6      -0.0036375490      -0.8165413746      -0.0001299766
******* *******   1   5   6      -0.0036927867      -0.8165413746      -0.0001290226
******* *******   1   5   6      -0.0037477424      -0.8165413746      -0.0001280757
******* *******   1   5   6      -0.0038040266      -0.8165413746      -0.0001271361
******* *******   1   5   6      -0.0038611748      -0.8165413746      -0.0001262038
******* *******   1   5   6      -0.0039191425      -0.8165413746      -0.0001252791
******* *******   1   5   6      -0.0039778948      -0.8165413746      -0.0001243620
******* *******   1   5   6      -0.0040374628      -0.8165413746      -0.0001234529
******* *******   1   5   6      -0.0040984920      -0.8165413746      -0.0001225510
******* *******   1   5   6      -0.0041596097      -0.8165413746      -0.0001216586
******* *******   1   5   6      -0.0042212003      -0.8165413746      -0.0001207742
******* *******   1   5   6      -0.0042839353      -0.8165413746      -0.0001198984
******* *******   1   5   6      -0.0043474881      -0.8165413746      -0.0001190315
******* *******   1   5   6      -0.0044116825      -0.8165413746      -0.0001181736
******* *******   1   5   6      -0.0044771361      -0.8165413746      -0.0001173243
******* *******   1   5   6      -0.0045424671      -0.8165413746      -0.0001164850
******* *******   1   5   6      -0.0046088644      -0.8165413746      -0.0001156553
******* *******   1   5   6      -0.0046763780      -0.8165413746      -0.0001148361
******* *******   1   5   6      -0.0047435993      -0.8165413746      -0.0001140266
******* *******   1   5   6      -0.0048118229      -0.8165413746      -0.0001132273
******* *******   1   5   6      -0.0048806312      -0.8165413746      -0.0001124387
******* *******   1   5   6      -0.0049505001      -0.8165413746      -0.0001116601
******* *******   1   5   6      -0.0050199231      -0.8165413746      -0.0001108931
******* *******   1   5   6      -0.0050901879      -0.8165413746      -0.0001101373
******* *******   1   5   6      -0.0051608700      -0.8165413746      -0.0001093931
******* *******   1   5   6      -0.0052330243      -0.8165413746      -0.0001086611
******* *******   1   5   6      -0.0053034224      -0.8165413746      -0.0001079408
******* *******   1   5   6      -0.0053749896      -0.8165413746      -0.0001072326
******* *******   1   5   6      -0.0054473867      -0.8165413746      -0.0001065362
******* *******   1   5   6      -0.0055187954      -0.8165413746      -0.0001058532
******* *******   1   5   6      -0.0055907020      -0.8165413746      -0.0001051831
******* *******   1   5   6      -0.0056626158      -0.8165413746      -0.0001045264
******* *******   1   5   6      -0.0057344448      -0.8165413746      -0.0001038831
******* *******   1   5   6      -0.0058071767      -0.8165413746      -0.0001032542
******* *******   1   5   6      -0.0058777189      -0.8165413746      -0.0001026389
******* *******   1   5   6      -0.0059487178      -0.8165413746      -0.0001020379
******* *******   1   5   6      -0.0060203408      -0.8165413746      -0.0001014506
******* *******   1   5   6      -0.0060896803      -0.8165413746      -0.0001008789
******* *******   1   5   6      -0.0061591791      -0.8165413746      -0.0001003222
******* *******   1   5   6      -0.0062279819      -0.8165413746      -0.0000997809
******* *******   1   5   6      -0.0062959794      -0.8165413746      -0.0000992552
******* *******   1   5   6      -0.0063641289      -0.8165413746      -0.0000987460
******* *******   1   5   6      -0.0064292120      -0.8165413746      -0.0000982524
******* *******   1   5   6      -0.0064941234      -0.8165413746      -0.0000977752
******* *******   1   5   6      -0.0065589017      -0.8165413746      -0.0000973139
******* *******   1   5   6      -0.0066202764      -0.8165413746      -0.0000968700
******* *******   1   5   6      -0.0066810866      -0.8165413746      -0.0000964433
******* *******   1   5   6      -0.0067403523      -0.8165413746      -0.0000960340
******* *******   1   5   6      -0.0067978925      -0.8165413746      -0.0000956422
******* *******   1   5   6      -0.0068546682      -0.8165413746      -0.0000952689
******* *******   1   5   6      -0.0069075263      -0.8165413746      -0.0000949131
******* *******   1   5   6      -0.0069592546      -0.8165413746      -0.0000945756
******* *******   1   5   6      -0.0070102313      -0.8165413746      -0.0000942557
******* *******   1   5   6      -0.0070564827      -0.8165413746      -0.0000939551
******* *******   1   5   6      -0.0071014073      -0.8165413746      -0.0000936733
******* *******   1   5   6      -0.0071439403      -0.8165413746      -0.0000934106
******* *******   1   5   6      -0.0071838678      -0.8165413746      -0.0000931670
******* *******   1   5   6      -0.0072223448      -0.8165413746      -0.0000929434
******* *******   1   5   6      -0.0072558254      -0.8165413746      -0.0000927389
******* *******   1   5   6      -0.0072874634      -0.8165413746      -0.0000925539
******* *******   1   5   6      -0.0073175796      -0.8165413746      -0.0000923880
******* *******   1   5   6      -0.0073422797      -0.8165413746      -0.0000922425
******* *******   1   5   6      -0.0073649594      -0.8165413746      -0.0000921171
******* *******   1   5   6      -0.0073845466      -0.8165413746      -0.0000920116
******* *******   1   5   6      -0.0074009861      -0.8165413746      -0.0000919264
******* *******   1   5   6      -0.0074153598      -0.8165413746      -0.0000918620
******* *******   1   5   6      -0.0074243554      -0.8165413746      -0.0000918174
******* *******   1   5   6      -0.0074309728      -0.8165413746      -0.0000917931
******* *******   1   5   6      -0.0074356906      -0.8165413746      -0.0000917884
******* *******   1   5   6      -0.0074347570      -0.8165413746      -0.0000918046
******* *******   1   5   6      -0.0074316290      -0.8165413746      -0.0000918412
******* *******   1   5   6      -0.0074251156      -0.8165413746      -0.0000918981
******* *******   1   5   6      -0.0074153639      -0.8165413746      -0.0000919752
******* *******   1   5   6      -0.0074036610      -0.8165413746      -0.0000920733
******* *******   1   5   6      -0.0073863093      -0.8165413746      -0.0000921911
******* *******   1   5   6      -0.0073669428      -0.8165413746      -0.0000923290
******* *******   1   5   6      -0.0073457894      -0.8165413746      -0.0000924863
******* *******   1   5   6      -0.0073191359      -0.8165413746      -0.0000926641
******* *******   1   5   6      -0.0072905485      -0.8165413746      -0.0000928617
******* *******   1   5   6      -0.0072591732      -0.8165413746      -0.0000930791
******* *******   1   5   6      -0.0072247464      -0.8165413746      -0.0000933161
******* *******   1   5   6      -0.0071889916      -0.8165413746      -0.0000935733
******* *******   1   5   6      -0.0071480637      -0.8165413746      -0.0000938492
******* *******   1   5   6      -0.0071056927      -0.8165413746      -0.0000941443
******* *******   1   5   6      -0.0070621790      -0.8165413746      -0.0000944577
******* *******   1   5   6      -0.0070138950      -0.8165413746      -0.0000947904
******* *******   1   5   6      -0.0069644167      -0.8165413746      -0.0000951418
******* *******   1   5   6      -0.0069127403      -0.8165413746      -0.0000955116
******* *******   1   5   6      -0.0068592545      -0.8165413746      -0.0000958996
******* *******   1   5   6      -0.0068049317      -0.8165413746      -0.0000963063
******* *******   1   5   6      -0.0067462012      -0.8165413746      -0.0000967303
******* *******   1   5   6      -0.0066869632      -0.8165413746      -0.0000971718
******* *******   1   5   6      -0.0066274876      -0.8165413746      -0.0000976300
******* *******   1   5   6      -0.0065641771      -0.8165413746      -0.0000981058
******* *******   1   5   6      -0.0065005782      -0.8165413746      -0.0000985985
******* *******   1   5   6      -0.0064357022      -0.8165413746      -0.0000991078
******* *******   1   5   6      -0.0063698438      -0.8165413746      -0.0000996335
******* *******   1   5   6      -0.0063040548      -0.8165413746      -0.0001001760
******* *******   1   5   6      -0.0062348654      -0.8165413746      -0.0001007338
******* *******   1   5   6      -0.0061660075      -0.8165413746      -0.0001013073
******* *******   1   5   6      -0.0060977114      -0.8165413746      -0.0001018954
******* *******   1   5   6      -0.0060265426      -0.8165413746      -0.0001024992
******* *******   1   5   6      -0.0059558486      -0.8165413746      -0.0001031178
******* *******   1   5   6      -0.0058847559      -0.8165413746      -0.0001037510
******* *******   1   5   6      -0.0058144228      -0.8165413746      -0.0001043992
******* *******   1   5   6      -0.0057417500      -0.8165413746      -0.0001050610
******* *******   1   5   6      -0.0056698258      -0.8165413746      -0.0001057366
******* *******   1   5   6      -0.0055977793      -0.8165413746      -0.0001064257
******* *******   1   5   6      -0.0055271616      -0.8165413746      -0.0001071276
******* *******   1   5   6      -0.0054540664      -0.8165413746      -0.0001078430
******* *******   1   5   6      -0.0053822072      -0.8165413746      -0.0001085712
******* *******   1   5   6      -0.0053113671      -0.8165413746      -0.0001093126
******* *******   1   5   6      -0.0874346428      -0.8165413746      -0.0000911538
******* *******   1   5   6      -0.0255380402      -0.8165413746    1000.0000000000
******* *******   1   5   6      -0.0116632183      -0.8165413746    1000.0000000000
******* *******   1   5   6      -0.0101137502      -0.8165413746    1000.0000000000
