 ## time [fs] type_of_hop state_before state_after energy_before [a.u.] energy_a
 fter [a.u]
     24.8000000000  0   4   3     -37.0906570962     -37.0906553693
