           1  0.846307314787472        5.35715021978875     
  -8.25720141216673     
           2  -2.53487844267976        1.03433120616640     
   6.16238404855044     
           3 -2.476965995745395E-002 -2.463116018443709E-002
 -0.157003594205136     
           4  7.557550224732268E-003 -0.360005182761077     
  6.732701619198024E-002
           5  0.536946379548330        1.07846947250869     
 -0.422397584956413     
           6   3.07794839769310       -4.59258503612803     
   4.73330046123803     
           7  -1.90911153961642       -2.49272951939029     
  -2.12640893465217     
