  0.10000000000000001                2           0
   6.0999999999999943                1           0
