 ## time [fs] type_of_hop state_before state_after energy_before [a.u.] energy_after [a.u]
      0.1000000000  0   5   2     -37.0787146161     -37.0787146150
      6.1000000000  0   2   1     -37.0933694528     -37.0933694521
