  0.10000000000000001                2           0
   3.0000000000000013                1           0
   4.4000000000000004                2           2
